// Jest Snapshot v1, https://goo.gl/fbAQLP

exports[`renders correctly 1`] = `
Array [
  <form
    action=""
  >
    <label
      htmlFor="Deepest note"
    >
      Deepest note : 
      <input
        onChange={[Function]}
        type="text"
        value="F1"
      />
    </label>
    <span>
      Click on a fret to display major chords
    </span>
  </form>,
  <main>
    <ol>
      <li>
        <ol>
          <li
            onClick={[Function]}
          >
            <aside>
              0
            </aside>
            <article>
              E4
            </article>
            <div>
              
            </div>
          </li>
          <li
            onClick={[Function]}
          >
            <aside>
              1
            </aside>
            <article>
              F4
            </article>
            <div>
              
            </div>
          </li>
          <li
            onClick={[Function]}
          >
            <aside>
              2
            </aside>
            <article>
              Gb4
            </article>
            <div>
              
            </div>
          </li>
          <li
            onClick={[Function]}
          >
            <aside>
              3
            </aside>
            <article>
              G4
            </article>
            <div>
              
            </div>
          </li>
          <li
            onClick={[Function]}
          >
            <aside>
              4
            </aside>
            <article>
              Ab4
            </article>
            <div>
              
            </div>
          </li>
          <li
            onClick={[Function]}
          >
            <aside>
              5
            </aside>
            <article>
              A4
            </article>
            <div>
              
            </div>
          </li>
          <li
            onClick={[Function]}
          >
            <aside>
              6
            </aside>
            <article>
              A#4
            </article>
            <div>
              
            </div>
          </li>
          <li
            onClick={[Function]}
          >
            <aside>
              7
            </aside>
            <article>
              B4
            </article>
            <div>
              
            </div>
          </li>
          <li
            onClick={[Function]}
          >
            <aside>
              8
            </aside>
            <article>
              C5
            </article>
            <div>
              
            </div>
          </li>
          <li
            onClick={[Function]}
          >
            <aside>
              9
            </aside>
            <article>
              Db5
            </article>
            <div>
              
            </div>
          </li>
          <li
            onClick={[Function]}
          >
            <aside>
              10
            </aside>
            <article>
              D5
            </article>
            <div>
              
            </div>
          </li>
          <li
            onClick={[Function]}
          >
            <aside>
              11
            </aside>
            <article>
              Eb5
            </article>
            <div>
              
            </div>
          </li>
          <li
            onClick={[Function]}
          >
            <aside>
              12
            </aside>
            <article>
              E5
            </article>
            <div>
              
            </div>
          </li>
        </ol>
      </li>
      <li>
        <ol>
          <li
            onClick={[Function]}
          >
            <aside>
              13
            </aside>
            <article>
              A3
            </article>
            <div>
              
            </div>
          </li>
          <li
            onClick={[Function]}
          >
            <aside>
              14
            </aside>
            <article>
              A#3
            </article>
            <div>
              
            </div>
          </li>
          <li
            onClick={[Function]}
          >
            <aside>
              15
            </aside>
            <article>
              B3
            </article>
            <div>
              
            </div>
          </li>
          <li
            onClick={[Function]}
          >
            <aside>
              16
            </aside>
            <article>
              C4
            </article>
            <div>
              
            </div>
          </li>
          <li
            onClick={[Function]}
          >
            <aside>
              17
            </aside>
            <article>
              Db4
            </article>
            <div>
              
            </div>
          </li>
          <li
            onClick={[Function]}
          >
            <aside>
              18
            </aside>
            <article>
              D4
            </article>
            <div>
              
            </div>
          </li>
          <li
            onClick={[Function]}
          >
            <aside>
              19
            </aside>
            <article>
              D#4
            </article>
            <div>
              
            </div>
          </li>
          <li
            onClick={[Function]}
          >
            <aside>
              20
            </aside>
            <article>
              E4
            </article>
            <div>
              
            </div>
          </li>
          <li
            onClick={[Function]}
          >
            <aside>
              21
            </aside>
            <article>
              F4
            </article>
            <div>
              
            </div>
          </li>
          <li
            onClick={[Function]}
          >
            <aside>
              22
            </aside>
            <article>
              Gb4
            </article>
            <div>
              
            </div>
          </li>
          <li
            onClick={[Function]}
          >
            <aside>
              23
            </aside>
            <article>
              G4
            </article>
            <div>
              
            </div>
          </li>
          <li
            onClick={[Function]}
          >
            <aside>
              24
            </aside>
            <article>
              Ab4
            </article>
            <div>
              
            </div>
          </li>
          <li
            onClick={[Function]}
          >
            <aside>
              25
            </aside>
            <article>
              A4
            </article>
            <div>
              
            </div>
          </li>
        </ol>
      </li>
      <li>
        <ol>
          <li
            onClick={[Function]}
          >
            <aside>
              26
            </aside>
            <article>
              D3
            </article>
            <div>
              
            </div>
          </li>
          <li
            onClick={[Function]}
          >
            <aside>
              27
            </aside>
            <article>
              D#3
            </article>
            <div>
              
            </div>
          </li>
          <li
            onClick={[Function]}
          >
            <aside>
              28
            </aside>
            <article>
              E3
            </article>
            <div>
              
            </div>
          </li>
          <li
            onClick={[Function]}
          >
            <aside>
              29
            </aside>
            <article>
              F3
            </article>
            <div>
              
            </div>
          </li>
          <li
            onClick={[Function]}
          >
            <aside>
              30
            </aside>
            <article>
              Gb3
            </article>
            <div>
              
            </div>
          </li>
          <li
            onClick={[Function]}
          >
            <aside>
              31
            </aside>
            <article>
              G3
            </article>
            <div>
              
            </div>
          </li>
          <li
            onClick={[Function]}
          >
            <aside>
              32
            </aside>
            <article>
              G#3
            </article>
            <div>
              
            </div>
          </li>
          <li
            onClick={[Function]}
          >
            <aside>
              33
            </aside>
            <article>
              A3
            </article>
            <div>
              
            </div>
          </li>
          <li
            onClick={[Function]}
          >
            <aside>
              34
            </aside>
            <article>
              A#3
            </article>
            <div>
              
            </div>
          </li>
          <li
            onClick={[Function]}
          >
            <aside>
              35
            </aside>
            <article>
              B3
            </article>
            <div>
              
            </div>
          </li>
          <li
            onClick={[Function]}
          >
            <aside>
              36
            </aside>
            <article>
              C4
            </article>
            <div>
              
            </div>
          </li>
          <li
            onClick={[Function]}
          >
            <aside>
              37
            </aside>
            <article>
              Db4
            </article>
            <div>
              
            </div>
          </li>
          <li
            onClick={[Function]}
          >
            <aside>
              38
            </aside>
            <article>
              D4
            </article>
            <div>
              
            </div>
          </li>
        </ol>
      </li>
      <li>
        <ol>
          <li
            onClick={[Function]}
          >
            <aside>
              39
            </aside>
            <article>
              G2
            </article>
            <div>
              
            </div>
          </li>
          <li
            onClick={[Function]}
          >
            <aside>
              40
            </aside>
            <article>
              G#2
            </article>
            <div>
              
            </div>
          </li>
          <li
            onClick={[Function]}
          >
            <aside>
              41
            </aside>
            <article>
              A2
            </article>
            <div>
              
            </div>
          </li>
          <li
            onClick={[Function]}
          >
            <aside>
              42
            </aside>
            <article>
              A#2
            </article>
            <div>
              
            </div>
          </li>
          <li
            onClick={[Function]}
          >
            <aside>
              43
            </aside>
            <article>
              B2
            </article>
            <div>
              
            </div>
          </li>
          <li
            onClick={[Function]}
          >
            <aside>
              44
            </aside>
            <article>
              C3
            </article>
            <div>
              
            </div>
          </li>
          <li
            onClick={[Function]}
          >
            <aside>
              45
            </aside>
            <article>
              C#3
            </article>
            <div>
              
            </div>
          </li>
          <li
            onClick={[Function]}
          >
            <aside>
              46
            </aside>
            <article>
              D3
            </article>
            <div>
              
            </div>
          </li>
          <li
            onClick={[Function]}
          >
            <aside>
              47
            </aside>
            <article>
              D#3
            </article>
            <div>
              
            </div>
          </li>
          <li
            onClick={[Function]}
          >
            <aside>
              48
            </aside>
            <article>
              E3
            </article>
            <div>
              
            </div>
          </li>
          <li
            onClick={[Function]}
          >
            <aside>
              49
            </aside>
            <article>
              F3
            </article>
            <div>
              
            </div>
          </li>
          <li
            onClick={[Function]}
          >
            <aside>
              50
            </aside>
            <article>
              Gb3
            </article>
            <div>
              
            </div>
          </li>
          <li
            onClick={[Function]}
          >
            <aside>
              51
            </aside>
            <article>
              G3
            </article>
            <div>
              
            </div>
          </li>
        </ol>
      </li>
      <li>
        <ol>
          <li
            onClick={[Function]}
          >
            <aside>
              52
            </aside>
            <article>
              C2
            </article>
            <div>
              
            </div>
          </li>
          <li
            onClick={[Function]}
          >
            <aside>
              53
            </aside>
            <article>
              C#2
            </article>
            <div>
              
            </div>
          </li>
          <li
            onClick={[Function]}
          >
            <aside>
              54
            </aside>
            <article>
              D2
            </article>
            <div>
              
            </div>
          </li>
          <li
            onClick={[Function]}
          >
            <aside>
              55
            </aside>
            <article>
              D#2
            </article>
            <div>
              
            </div>
          </li>
          <li
            onClick={[Function]}
          >
            <aside>
              56
            </aside>
            <article>
              E2
            </article>
            <div>
              
            </div>
          </li>
          <li
            onClick={[Function]}
          >
            <aside>
              57
            </aside>
            <article>
              F2
            </article>
            <div>
              
            </div>
          </li>
          <li
            onClick={[Function]}
          >
            <aside>
              58
            </aside>
            <article>
              F#2
            </article>
            <div>
              
            </div>
          </li>
          <li
            onClick={[Function]}
          >
            <aside>
              59
            </aside>
            <article>
              G2
            </article>
            <div>
              
            </div>
          </li>
          <li
            onClick={[Function]}
          >
            <aside>
              60
            </aside>
            <article>
              G#2
            </article>
            <div>
              
            </div>
          </li>
          <li
            onClick={[Function]}
          >
            <aside>
              61
            </aside>
            <article>
              A2
            </article>
            <div>
              
            </div>
          </li>
          <li
            onClick={[Function]}
          >
            <aside>
              62
            </aside>
            <article>
              A#2
            </article>
            <div>
              
            </div>
          </li>
          <li
            onClick={[Function]}
          >
            <aside>
              63
            </aside>
            <article>
              B2
            </article>
            <div>
              
            </div>
          </li>
          <li
            onClick={[Function]}
          >
            <aside>
              64
            </aside>
            <article>
              C3
            </article>
            <div>
              
            </div>
          </li>
        </ol>
      </li>
      <li>
        <ol>
          <li
            onClick={[Function]}
          >
            <aside>
              65
            </aside>
            <article>
              F1
            </article>
            <div>
              
            </div>
          </li>
          <li
            onClick={[Function]}
          >
            <aside>
              66
            </aside>
            <article>
              F#1
            </article>
            <div>
              
            </div>
          </li>
          <li
            onClick={[Function]}
          >
            <aside>
              67
            </aside>
            <article>
              G1
            </article>
            <div>
              
            </div>
          </li>
          <li
            onClick={[Function]}
          >
            <aside>
              68
            </aside>
            <article>
              G#1
            </article>
            <div>
              
            </div>
          </li>
          <li
            onClick={[Function]}
          >
            <aside>
              69
            </aside>
            <article>
              A1
            </article>
            <div>
              
            </div>
          </li>
          <li
            onClick={[Function]}
          >
            <aside>
              70
            </aside>
            <article>
              A#1
            </article>
            <div>
              
            </div>
          </li>
          <li
            onClick={[Function]}
          >
            <aside>
              71
            </aside>
            <article>
              B1
            </article>
            <div>
              
            </div>
          </li>
          <li
            onClick={[Function]}
          >
            <aside>
              72
            </aside>
            <article>
              C2
            </article>
            <div>
              
            </div>
          </li>
          <li
            onClick={[Function]}
          >
            <aside>
              73
            </aside>
            <article>
              C#2
            </article>
            <div>
              
            </div>
          </li>
          <li
            onClick={[Function]}
          >
            <aside>
              74
            </aside>
            <article>
              D2
            </article>
            <div>
              
            </div>
          </li>
          <li
            onClick={[Function]}
          >
            <aside>
              75
            </aside>
            <article>
              D#2
            </article>
            <div>
              
            </div>
          </li>
          <li
            onClick={[Function]}
          >
            <aside>
              76
            </aside>
            <article>
              E2
            </article>
            <div>
              
            </div>
          </li>
          <li
            onClick={[Function]}
          >
            <aside>
              77
            </aside>
            <article>
              F2
            </article>
            <div>
              
            </div>
          </li>
        </ol>
      </li>
    </ol>
  </main>,
]
`;

exports[`renders correctly 2`] = `
"Snapshot Diff:
- First value
+ Second value

@@ -7,12 +7,15 @@
      >
        Deepest note : 
        <input
          onChange={[Function onChange]}
          type=\\"text\\"
-         value=\\"F1\\"
+         value=\\"xVfGu\\"
        />
+       <span>
+         not a valid note
+       </span>
      </label>
      <span>
        Click on a fret to display major chords
      </span>
    </form>,"
`;
